// Jest Snapshot v1, https://goo.gl/fbAQLP

exports[`<SearchField /> Render snapshot correctly 1`] = `
<div
  className="location-input"
>
  <label
    className="location-input__label"
    data-testid="search-input-field-label"
    htmlFor="pick-up-location"
  >
    Pick-up Location
  </label>
  <div
    className="location-input__container"
  >
    <input
      aria-invalid="false"
      aria-label="Pick Up Location"
      autoComplete="off"
      className="undefined input-field"
      data-testid="search-input-field"
      name="pick-up-location"
      onChange={[Function]}
      placeholder="city, airport, station, region, district..."
      value=""
    />
    <div
      aria-hidden={true}
      className="suggestions-list-container"
      data-testid="suggestions-container"
    >
      <ul
        aria-labelledby="pick-up-locations-suggestions"
        className="suggestions-list"
        role="listbox"
      />
    </div>
  </div>
</div>
`;
