// Jest Snapshot v1, https://goo.gl/fbAQLP

exports[`<Suggestions /> Render snapshot correctly 1`] = `
<div
  aria-hidden={false}
  className="suggestions-list-container active"
  data-testid="suggestions-container"
>
  <ul
    aria-labelledby="pick-up-locations-suggestions"
    className="suggestions-list"
    role="listbox"
  >
    <li
      aria-selected="false"
      className="suggestions-list-item"
      data-testid="suggestion-item"
      id="suggestions-list-item-1"
      role="option"
    >
      <div>
        <span
          className="tag tag--blue"
          data-testid="tags-label"
        >
          City
        </span>
      </div>
      <div
        className="suggestions-list-item__content"
      >
        <p
          className="suggestions-list-item--font-emphasized"
          data-testid="suggestion-item-name"
        >
          Kʼoseva
        </p>
        <p
          className="suggestions-list-item--font-caption"
          data-testid="suggestion-item-country"
        >
          Bulgaria
        </p>
      </div>
    </li>
    <li
      aria-selected="false"
      className="suggestions-list-item"
      data-testid="suggestion-item"
      id="suggestions-list-item-2"
      role="option"
    >
      <div>
        <span
          className="tag tag--blue"
          data-testid="tags-label"
        >
          City
        </span>
      </div>
      <div
        className="suggestions-list-item__content"
      >
        <p
          className="suggestions-list-item--font-emphasized"
          data-testid="suggestion-item-name"
        >
          Kʼochevtsi
        </p>
        <p
          className="suggestions-list-item--font-caption"
          data-testid="suggestion-item-country"
        >
          Bulgaria
        </p>
      </div>
    </li>
    <li
      aria-selected="false"
      className="suggestions-list-item"
      data-testid="suggestion-item"
      id="suggestions-list-item-3"
      role="option"
    >
      <div>
        <span
          className="tag tag--blue"
          data-testid="tags-label"
        >
          City
        </span>
      </div>
      <div
        className="suggestions-list-item__content"
      >
        <p
          className="suggestions-list-item--font-emphasized"
          data-testid="suggestion-item-name"
        >
          Kʼosevo
        </p>
        <p
          className="suggestions-list-item--font-caption"
          data-testid="suggestion-item-country"
        >
          Bulgaria
        </p>
      </div>
    </li>
    <li
      aria-selected="false"
      className="suggestions-list-item"
      data-testid="suggestion-item"
      id="suggestions-list-item-4"
      role="option"
    >
      <div>
        <span
          className="tag tag--blue"
          data-testid="tags-label"
        >
          City
        </span>
      </div>
      <div
        className="suggestions-list-item__content"
      >
        <p
          className="suggestions-list-item--font-emphasized"
          data-testid="suggestion-item-name"
        >
          Kʼosevtsi
        </p>
        <p
          className="suggestions-list-item--font-caption"
          data-testid="suggestion-item-country"
        >
          Bulgaria
        </p>
      </div>
    </li>
    <li
      aria-selected="false"
      className="suggestions-list-item"
      data-testid="suggestion-item"
      id="suggestions-list-item-5"
      role="option"
    >
      <div>
        <span
          className="tag tag--blue"
          data-testid="tags-label"
        >
          City
        </span>
      </div>
      <div
        className="suggestions-list-item__content"
      >
        <p
          className="suggestions-list-item--font-emphasized"
          data-testid="suggestion-item-name"
        >
          Kʼolmen
        </p>
        <p
          className="suggestions-list-item--font-caption"
          data-testid="suggestion-item-country"
        >
          Bulgaria
        </p>
      </div>
    </li>
    <li
      aria-selected="false"
      className="suggestions-list-item"
      data-testid="suggestion-item"
      id="suggestions-list-item-6"
      role="option"
    >
      <div>
        <span
          className="tag tag--blue"
          data-testid="tags-label"
        >
          City
        </span>
      </div>
      <div
        className="suggestions-list-item__content"
      >
        <p
          className="suggestions-list-item--font-emphasized"
          data-testid="suggestion-item-name"
        >
          Kʼochʼara
        </p>
        <p
          className="suggestions-list-item--font-caption"
          data-testid="suggestion-item-country"
        >
          Georgia
        </p>
      </div>
    </li>
  </ul>
</div>
`;
